2024-05-31 12:26:08,503 - root - INFO - Entering menu loop
2024-05-31 12:48:57,525 - root - INFO - Entering menu loop
2024-05-31 12:49:00,748 - root - DEBUG - Starting backtrack
2024-05-31 12:49:00,763 - root - DEBUG - Empty cell found at (0, 0)
2024-05-31 12:49:00,769 - root - DEBUG - Starting backtrack
2024-05-31 12:49:00,780 - root - DEBUG - Empty cell found at (0, 1)
2024-05-31 12:49:00,784 - root - DEBUG - Starting backtrack
2024-05-31 12:49:00,796 - root - DEBUG - Empty cell found at (0, 2)
2024-05-31 12:49:00,808 - root - DEBUG - Starting backtrack
2024-05-31 12:49:00,816 - root - DEBUG - Empty cell found at (0, 3)
2024-05-31 12:49:00,824 - root - DEBUG - Starting backtrack
2024-05-31 12:49:00,833 - root - DEBUG - Empty cell found at (0, 4)
2024-05-31 12:49:00,840 - root - DEBUG - Starting backtrack
2024-05-31 12:49:00,851 - root - DEBUG - Empty cell found at (0, 5)
2024-05-31 12:49:00,856 - root - DEBUG - Starting backtrack
2024-05-31 12:49:00,863 - root - DEBUG - Empty cell found at (0, 6)
2024-05-31 12:49:00,867 - root - DEBUG - Starting backtrack
2024-05-31 12:49:00,882 - root - DEBUG - Empty cell found at (0, 7)
2024-05-31 12:49:00,888 - root - DEBUG - Starting backtrack
2024-05-31 12:49:00,895 - root - DEBUG - Empty cell found at (0, 8)
2024-05-31 12:49:00,902 - root - DEBUG - Starting backtrack
2024-05-31 12:49:00,910 - root - DEBUG - Empty cell found at (1, 0)
2024-05-31 12:49:00,917 - root - DEBUG - Starting backtrack
2024-05-31 12:49:00,924 - root - DEBUG - Empty cell found at (1, 1)
2024-05-31 12:49:00,934 - root - DEBUG - Starting backtrack
2024-05-31 12:49:00,943 - root - DEBUG - Empty cell found at (1, 2)
2024-05-31 12:49:00,956 - root - DEBUG - Starting backtrack
2024-05-31 12:49:00,963 - root - DEBUG - Empty cell found at (1, 6)
2024-05-31 12:49:00,969 - root - DEBUG - Starting backtrack
2024-05-31 12:49:00,978 - root - DEBUG - Empty cell found at (1, 7)
2024-05-31 12:49:00,987 - root - DEBUG - Starting backtrack
2024-05-31 12:49:00,995 - root - DEBUG - Empty cell found at (1, 8)
2024-05-31 12:49:01,000 - root - DEBUG - Starting backtrack
2024-05-31 12:49:01,008 - root - DEBUG - Empty cell found at (1, 3)
2024-05-31 12:49:01,013 - root - DEBUG - Starting backtrack
2024-05-31 12:49:01,021 - root - DEBUG - Empty cell found at (1, 4)
2024-05-31 12:49:01,026 - root - DEBUG - Starting backtrack
2024-05-31 12:49:01,033 - root - DEBUG - Empty cell found at (1, 5)
2024-05-31 12:49:01,038 - root - DEBUG - Starting backtrack
2024-05-31 12:49:01,045 - root - DEBUG - Empty cell found at (2, 0)
2024-05-31 12:49:01,049 - root - DEBUG - Starting backtrack
2024-05-31 12:49:01,055 - root - DEBUG - Empty cell found at (2, 1)
2024-05-31 12:49:01,059 - root - DEBUG - Starting backtrack
2024-05-31 12:49:01,065 - root - DEBUG - Empty cell found at (2, 2)
2024-05-31 12:49:01,069 - root - DEBUG - Starting backtrack
2024-05-31 12:49:01,074 - root - DEBUG - Empty cell found at (2, 3)
2024-05-31 12:49:01,078 - root - DEBUG - Starting backtrack
2024-05-31 12:49:01,082 - root - DEBUG - Empty cell found at (2, 4)
2024-05-31 12:49:01,086 - root - DEBUG - Starting backtrack
2024-05-31 12:49:01,091 - root - DEBUG - Empty cell found at (2, 5)
2024-05-31 12:49:01,096 - root - DEBUG - Starting backtrack
2024-05-31 12:49:01,100 - root - DEBUG - Empty cell found at (2, 6)
2024-05-31 12:49:01,109 - root - DEBUG - Starting backtrack
2024-05-31 12:49:01,114 - root - DEBUG - Empty cell found at (2, 7)
2024-05-31 12:49:01,123 - root - DEBUG - Starting backtrack
2024-05-31 12:49:01,129 - root - DEBUG - Empty cell found at (2, 8)
2024-05-31 12:49:01,134 - root - DEBUG - Starting backtrack
2024-05-31 12:49:01,139 - root - DEBUG - Empty cell found at (3, 0)
2024-05-31 12:49:01,142 - root - DEBUG - Starting backtrack
2024-05-31 12:49:01,148 - root - DEBUG - Empty cell found at (3, 2)
2024-05-31 12:49:01,151 - root - DEBUG - Starting backtrack
2024-05-31 12:49:01,156 - root - DEBUG - Empty cell found at (3, 5)
2024-05-31 12:49:01,160 - root - DEBUG - Starting backtrack
2024-05-31 12:49:01,165 - root - DEBUG - Empty cell found at (3, 8)
2024-05-31 12:49:01,169 - root - DEBUG - Starting backtrack
2024-05-31 12:49:01,174 - root - DEBUG - Empty cell found at (3, 1)
2024-05-31 12:49:01,178 - root - DEBUG - Starting backtrack
2024-05-31 12:49:01,190 - root - DEBUG - Empty cell found at (3, 3)
2024-05-31 12:49:01,194 - root - DEBUG - Starting backtrack
2024-05-31 12:49:01,198 - root - DEBUG - Empty cell found at (3, 4)
2024-05-31 12:49:01,202 - root - DEBUG - Starting backtrack
2024-05-31 12:49:01,206 - root - DEBUG - Empty cell found at (3, 7)
2024-05-31 12:49:01,211 - root - DEBUG - Starting backtrack
2024-05-31 12:49:01,214 - root - DEBUG - Empty cell found at (3, 6)
2024-05-31 12:49:01,218 - root - DEBUG - Starting backtrack
2024-05-31 12:49:01,222 - root - DEBUG - Empty cell found at (4, 4)
2024-05-31 12:49:01,226 - root - DEBUG - Starting backtrack
2024-05-31 12:49:01,230 - root - DEBUG - Empty cell found at (5, 4)
2024-05-31 12:49:01,234 - root - DEBUG - Starting backtrack
2024-05-31 12:49:01,237 - root - DEBUG - Empty cell found at (5, 6)
2024-05-31 12:49:01,244 - root - DEBUG - Starting backtrack
2024-05-31 12:49:01,248 - root - DEBUG - Empty cell found at (4, 6)
2024-05-31 12:49:01,255 - root - DEBUG - Starting backtrack
2024-05-31 12:49:01,261 - root - DEBUG - Empty cell found at (4, 8)
2024-05-31 12:49:01,268 - root - DEBUG - Starting backtrack
2024-05-31 12:49:01,272 - root - DEBUG - Empty cell found at (4, 7)
2024-05-31 12:49:01,278 - root - DEBUG - Starting backtrack
2024-05-31 12:49:01,282 - root - DEBUG - Empty cell found at (4, 1)
2024-05-31 12:49:01,286 - root - DEBUG - Starting backtrack
2024-05-31 12:49:01,290 - root - DEBUG - Empty cell found at (4, 2)
2024-05-31 12:49:01,294 - root - DEBUG - Starting backtrack
2024-05-31 12:49:01,298 - root - DEBUG - Empty cell found at (4, 0)
2024-05-31 12:49:01,302 - root - DEBUG - Starting backtrack
2024-05-31 12:49:01,306 - root - DEBUG - Empty cell found at (4, 5)
2024-05-31 12:49:01,310 - root - DEBUG - Starting backtrack
2024-05-31 12:49:01,313 - root - DEBUG - Empty cell found at (4, 3)
2024-05-31 12:49:01,317 - root - DEBUG - Starting backtrack
2024-05-31 12:49:01,319 - root - DEBUG - Empty cell found at (5, 2)
2024-05-31 12:49:01,324 - root - DEBUG - Starting backtrack
2024-05-31 12:49:01,327 - root - DEBUG - Empty cell found at (5, 0)
2024-05-31 12:49:01,331 - root - DEBUG - Starting backtrack
2024-05-31 12:49:01,334 - root - DEBUG - Empty cell found at (5, 1)
2024-05-31 12:49:01,339 - root - DEBUG - Starting backtrack
2024-05-31 12:49:01,342 - root - DEBUG - Empty cell found at (5, 3)
2024-05-31 12:49:01,346 - root - DEBUG - Starting backtrack
2024-05-31 12:49:01,351 - root - DEBUG - Empty cell found at (5, 5)
2024-05-31 12:49:01,358 - root - DEBUG - Starting backtrack
2024-05-31 12:49:01,361 - root - DEBUG - Empty cell found at (5, 7)
2024-05-31 12:49:01,371 - root - DEBUG - Starting backtrack
2024-05-31 12:49:01,375 - root - DEBUG - Empty cell found at (5, 8)
2024-05-31 12:49:01,382 - root - DEBUG - Starting backtrack
2024-05-31 12:49:01,386 - root - DEBUG - Empty cell found at (6, 0)
2024-05-31 12:49:01,390 - root - DEBUG - Starting backtrack
2024-05-31 12:49:01,394 - root - DEBUG - Empty cell found at (6, 3)
2024-05-31 12:49:01,398 - root - DEBUG - Starting backtrack
2024-05-31 12:49:01,401 - root - DEBUG - Empty cell found at (6, 2)
2024-05-31 12:49:01,405 - root - DEBUG - Starting backtrack
2024-05-31 12:49:01,408 - root - DEBUG - Empty cell found at (6, 7)
2024-05-31 12:49:01,411 - root - DEBUG - Starting backtrack
2024-05-31 12:49:01,414 - root - DEBUG - Empty cell found at (6, 1)
2024-05-31 12:49:01,418 - root - DEBUG - Starting backtrack
2024-05-31 12:49:01,420 - root - DEBUG - Empty cell found at (6, 5)
2024-05-31 12:49:01,423 - root - DEBUG - Starting backtrack
2024-05-31 12:49:01,425 - root - DEBUG - Empty cell found at (6, 8)
2024-05-31 12:49:01,431 - root - DEBUG - Starting backtrack
2024-05-31 12:49:01,433 - root - DEBUG - Empty cell found at (6, 4)
2024-05-31 12:49:01,436 - root - DEBUG - Starting backtrack
2024-05-31 12:49:01,438 - root - DEBUG - Empty cell found at (6, 6)
2024-05-31 12:49:01,442 - root - DEBUG - Starting backtrack
2024-05-31 12:49:01,444 - root - DEBUG - Empty cell found at (7, 0)
2024-05-31 12:49:01,449 - root - DEBUG - Starting backtrack
2024-05-31 12:49:01,451 - root - DEBUG - Empty cell found at (7, 6)
2024-05-31 12:49:01,455 - root - DEBUG - Starting backtrack
2024-05-31 12:49:01,456 - root - DEBUG - Empty cell found at (7, 1)
2024-05-31 12:49:01,465 - root - DEBUG - Starting backtrack
2024-05-31 12:49:01,467 - root - DEBUG - Empty cell found at (7, 4)
2024-05-31 12:49:01,478 - root - DEBUG - Starting backtrack
2024-05-31 12:49:01,482 - root - DEBUG - Empty cell found at (8, 0)
2024-05-31 12:49:01,486 - root - DEBUG - Starting backtrack
2024-05-31 12:49:01,487 - root - DEBUG - Empty cell found at (8, 1)
2024-05-31 12:49:01,491 - root - DEBUG - Starting backtrack
2024-05-31 12:49:01,493 - root - DEBUG - Empty cell found at (8, 4)
2024-05-31 12:49:01,497 - root - DEBUG - Starting backtrack
2024-05-31 12:49:01,498 - root - DEBUG - Empty cell found at (8, 6)
2024-05-31 12:49:01,502 - root - DEBUG - Starting backtrack
2024-05-31 12:49:01,503 - root - DEBUG - Empty cell found at (7, 2)
2024-05-31 12:49:01,507 - root - DEBUG - Starting backtrack
2024-05-31 12:49:01,508 - root - DEBUG - Empty cell found at (7, 8)
2024-05-31 12:49:01,512 - root - DEBUG - Starting backtrack
2024-05-31 12:49:01,514 - root - DEBUG - Empty cell found at (7, 5)
2024-05-31 12:49:01,518 - root - DEBUG - Starting backtrack
2024-05-31 12:49:01,519 - root - DEBUG - Empty cell found at (7, 7)
2024-05-31 12:49:01,523 - root - DEBUG - Starting backtrack
2024-05-31 12:49:01,524 - root - DEBUG - Empty cell found at (7, 3)
2024-05-31 12:49:01,527 - root - DEBUG - Starting backtrack
2024-05-31 12:49:01,528 - root - DEBUG - Empty cell found at (8, 2)
2024-05-31 12:49:01,533 - root - DEBUG - Starting backtrack
2024-05-31 12:49:01,533 - root - DEBUG - Empty cell found at (8, 3)
2024-05-31 12:49:01,538 - root - DEBUG - Starting backtrack
2024-05-31 12:49:01,539 - root - DEBUG - Empty cell found at (8, 5)
2024-05-31 12:49:01,546 - root - DEBUG - Starting backtrack
2024-05-31 12:49:01,547 - root - DEBUG - Empty cell found at (8, 7)
2024-05-31 12:49:01,554 - root - DEBUG - Starting backtrack
2024-05-31 12:49:01,555 - root - DEBUG - Empty cell found at (8, 8)
2024-05-31 12:49:01,562 - root - DEBUG - Starting backtrack
2024-05-31 12:49:01,563 - root - DEBUG - No empty cells found, puzzle solved
2024-05-31 12:49:02,149 - parse - DEBUG - format 'the game state is initialized' -> 'the game state is initialized'
2024-05-31 12:49:02,150 - parse - DEBUG - format 'the current grid has a pre-filled cell' -> 'the current grid has a pre-filled cell'
2024-05-31 12:49:02,150 - parse - DEBUG - format 'the user makes a valid move by filling an empty cell' -> 'the user makes a valid move by filling an empty cell'
2024-05-31 12:49:02,150 - parse - DEBUG - format 'the user makes an invalid move by A1=XYZ' -> 'the user makes an invalid move by A1=XYZ'
2024-05-31 12:49:02,150 - parse - DEBUG - format 'the user makes a move' -> 'the user makes a move'
2024-05-31 12:49:02,150 - parse - DEBUG - format 'the move is applied to the grid' -> 'the move is applied to the grid'
2024-05-31 12:49:02,150 - parse - DEBUG - format 'the move is pushed to the undo stack' -> 'the move is pushed to the undo stack'
2024-05-31 12:49:02,151 - parse - DEBUG - format 'the system displays a success message' -> 'the system displays a success message'
2024-05-31 12:49:02,151 - parse - DEBUG - format 'the system displays an error message for invalid format' -> 'the system displays an error message for invalid format'
2024-05-31 12:49:02,151 - parse - DEBUG - format 'the system displays an error message for pre-filled cell' -> 'the system displays an error message for pre-filled cell'
2024-05-31 12:50:12,634 - root - INFO - Entering menu loop
2024-05-31 13:10:40,776 - root - INFO - Entering menu loop
2024-05-31 13:12:09,430 - root - ERROR - An error occurred
Traceback (most recent call last):
  File "config\config.py", line 10, in load_config
    with open(file_path, 'r') as file:
         ^^^^^^^^^^^^^^^^^^^^
FileNotFoundError: [Errno 2] No such file or directory: 'C:\\Users\\sgsha\\AppData\\Local\\Temp\\_MEI116402\\config\\config.yaml'

During handling of the above exception, another exception occurred:

Traceback (most recent call last):
  File "main.py", line 22, in main
    config = load_config(config_path)  # Load the configuration settings
             ^^^^^^^^^^^^^^^^^^^^^^^^
  File "config\config.py", line 21, in load_config
    raise FileNotFoundError(f"Configuration file '{file_path}' not found.")
FileNotFoundError: Configuration file 'C:\Users\sgsha\AppData\Local\Temp\_MEI116402\config\config.yaml' not found.
